<html>
<body>
<pre>
<h1>礦ision Build Log</h1>
<h2>Tool Versions:</h2>
IDE-Version: μVision V5.15
Copyright (C) 2015 ARM Ltd and ARM Germany GmbH. All rights reserved.
License Information: z 15993923155@163.com, z, LIC=9WSKC-773J8-8TS3P-MBP0Y-BKKDR-I1BXT
 
Tool Versions:
Toolchain:       MDK-ARM Standard  Version: 5.15.0
Toolchain Path:  D:\BaiduNetdiskDownload\SoftwareAZB\ARM\ARMCC\Bin
C Compiler:      Armcc.exe V5.05 update 2 (build 169)
Assembler:       Armasm.exe V5.05 update 2 (build 169)
Linker/Locator:  ArmLink.exe V5.05 update 2 (build 169)
Library Manager: ArmAr.exe V5.05 update 2 (build 169)
Hex Converter:   FromElf.exe V5.05 update 2 (build 169)
CPU DLL:         SARMCM3.DLL V5.15.0
Dialog DLL:      DCM.DLL V1.13.2.0
Target DLL:      CMSIS_AGDI.dll V1.21.12.0
Dialog DLL:      TCM.DLL V1.14.5.0
 
<h2>Project:</h2>
D:\BaiduNetdiskDownload\stm32_File\stm32F429File\3-程序源码\1-F429固件库例程\9-RCC—时钟配置（使用HSE或者HSI）\Project\RVMDK（uv5）\BH-F429.uvprojx
Project File Date:  02/04/2017

<h2>Output:</h2>
*** Using Compiler 'V5.05 update 2 (build 169)', folder: 'D:\BaiduNetdiskDownload\SoftwareAZB\ARM\ARMCC\Bin'
Build target '时钟配置'
compiling main.c...
compiling bsp_clkconfig.c...
linking...
Program Size: Code=1396 RO-data=444 RW-data=0 ZI-data=1024  
FromELF: creating hex file...
"..\..\Output\RCC时钟配置.axf" - 0 Error(s), 0 Warning(s).

<h2>Collection of Component include folders:</h2>
  D:\BaiduNetdiskDownload\stm32_File\stm32F429File\3-程序源码\1-F429固件库例程\9-RCC—时钟配置（使用HSE或者HSI）\Project\RVMDK（uv5）\RTE
  D:\BaiduNetdiskDownload\SoftwareAZB\ARM\PACK\Keil\STM32F4xx_DFP\2.5.0\Drivers\CMSIS\Device\ST\STM32F4xx\Include

<h2>Collection of Component Files used:</h2>
</pre>
</body>
</html>
